---
source: src/parser.rs
expression: interpretation_html
snapshot_kind: text
---
<article class="message is-size-5 is-info">
    <div class="message-header">
        <p>
            A.R. 6.3.13.II
        </p>
    </div>
    <div class="message-body">
        <p>
            4. und 7 von der A-35. Team A puntet. Beim Snap befinden sich fünf
            Team A-Spieler im Offense Backfield. Der Kick wird teilweise
            geblockt, überquert nicht die neutrale Zone und wird von B88
            recovert. B88 advanct bis zu der A-28, wo er getackelt wird.
        </p>
        <details>
            <summary>
                <b>Regelung</b>
            </summary>
            <p>
                Foul, illegale Formation. Team B kann die Strafe ablehnen und
                den Ball übernehmen, B’s Ball, 1. und 10 von der A-28. Oder
                Team B kann die 5-Meterstrafe vom Previous Spot annehmen und
                Team A den vierten Down von der A-30 wiederholen lassen.
            </p>
        </details>
    </div>
</article>
