---
source: src/parser.rs
expression: interpretation_html
snapshot_kind: text
---
<article class="message is-size-5 is-info">
    <div class="message-header">
        <p>
            A.R. 9.2.5.I
        </p>
    </div>
    <div class="message-body">
        <p>
            Beim Eröffnungskickoff fängt B22 den Kick an seiner Goalline und
            trägt den Ball an Team B’s Seitenlinie entlang. Als der Sidejudge
            in der Schiedsrichterzone an der Seitenlinie entlang das
            Spielgeschehen verfolgt, läuft er entweder gegen einen Team B-Coach
            oder ein Team B-Teammitglied oder muss einem Team B-Coach oder
            einem Team B-Teammitglied ausweichen. B22 wird an der A-20 ins Aus
            gedrängt.
        </p>
        <details>
            <summary>
                <b>Regelung</b>
            </summary>
            <p>
                Beide Situationen sind physische Behinderungen eines
                Schiedsrichters während eines Downs. Es gibt dafür keine
                Warnung. Team B-Foul für unsportliches Verhalten, welches als
                Dead Ball Foul geahndet wird. Wenn der Team B Coach oder das
                Teammitglied eindeutig identifiziert werden kann, wird das
                UNV-Foul dieser Person zugerechnet. Wird der Coach oder das
                Teammitglied nicht eindeutig identifiziert, wird das UNV-Foul
                den Team zugerechnet. Nach der 15Meterstrafe ist es Team B’s
                Ball, 1. und 10 von der A-35.
            </p>
        </details>
    </div>
</article>
