---
source: src/parser.rs
expression: interpretation
snapshot_kind: text
---
article_nr:
  - 7
  - 3
  - 6
index: 15
text: "Der berechtigte Receiver A80 befindet sich in der Nähe einer\nSeitenlinie in der Luft, als er, in Richtung Spielfeld schauend, einen\nlegalen Vorwärtspass erreicht. Als er in Richtung Spielfeld landet, (a)\nschleifen seine Zehen deutlich auf dem Boden inbounds, bevor er ins\nAus fällt; (b) berühren in einer fortführenden Bewegung zuerst seine\nZehen den Boden inbounds und danach kommen seine Fersen auf der\nSeitenlinie auf. Er behält den Ball in beiden Fälle fest in seinem Griff."
ruling: "(a) Vollständiger Pass. (b) Unvollständiger Pass. Die fortführende Zehen-Fersen Berührung ist Teil einer Einzelbewegung und\ngemäß der Interpretation ist er im Aus gelandet und hat somit das Fangen nicht vervollständigt."
