---
source: src/parser.rs
expression: rule
snapshot_kind: text
---
article_nr:
  - 9
  - 1
  - 14
title: Kontakt gegen den Snapper
text: "Befindet sich ein Team in einer Scrimmage Kick Formation, darf ein Defense Spieler keinen Kontakt mit dem Snapper herstellen, bis eine Sekunde nach dem Snap vergangen ist (A.R. 9.1.14.I bis 9.1.14.III)."
interpretations: []
