---
source: src/parser.rs
expression: interpretation
snapshot_kind: text
---
article_nr:
  - 9
  - 1
  - 6
index: 5
text: "Back A22 steht stationär innerhalb der Tackle Box beim Snap.\nNach dem Snap stürmt A22 durch die Lücke zwischen Guard und Tackle und blockt B55 direkt von vorne unter der Gürtellinie. Der Kontakt\nereignet sich drei Meter jenseits der neutralen Zone."
ruling: "Illegaler tiefer Block. Der Block ist zwar direkt von vorne, ereignet sich aber\njenseits der neutralen Zone."
