---
source: src/parser.rs
expression: interpretation
snapshot_kind: text
---
article_nr:
  - 9
  - 1
  - 16
index: 6
text: "Kicker A1 bewegt sich in einer Scrimmage Kick-Formation zwei\noder drei Schritte seitlich, um einen schlechten Snap zu recovern oder\ner recovert einen Snap, der über seinen Kopf flog, bevor er den Ball\nkickt. Er wird von B2 durch dessen erfolglosen Versuch, den Kick zu\nblocken, berührt."
ruling: "A1 verliert in jedem Fall nicht automatisch\nseinen Schutz, es sei denn, er trägt oder besitzt den Ball außerhalb der\nTackle Box oder mehr als fünf Meter hinter seiner ursprünlichen Position beim Snap. Während er sich in der Tackle Box befindet, hat A1 das\nAnrecht auf den Schutz wie in anderen Kicking-Situationen. Wenn es offensichtlich wird, dass A1 versucht in einer normalen Punting-Situation\nzu kicken, müssen die Defense Spieler den Kontakt mit ihm vermeiden,\nnachdem er den Ball gekickt hat."
