---
source: src/parser.rs
expression: rule_html
snapshot_kind: text
---
<article class="message is-size-4">
    <div class="message-header">
        <p>
            2.12.1 Seitenlinien
        </p>
    </div>
    <div class="message-body">
        <div class="content">
            <p>
                Ein Seitenlinie erstreckt sich von Endlinie zu Endlinie auf
                jeder Seite des Feldes und trennt das Feld von der Zone, die
                sich im Aus befindet. Die gesamte Seitenlinie befindet sich im
                Aus.
            </p>
        </div>
        <div class="block">
            <a class="button is-medium" href=
            "https://afsvd.de/content/files/2024/12/Football_Regelbuch_2025-1.pdf#subsection.1.2.12.1"
            target="_blank" rel="noreferrer noopener">Offizielles Regelwerk</a>
        </div>
        <div class="block"></div>
    </div>
</article>
