---
source: src/parser.rs
expression: rule
snapshot_kind: text
---
article_nr:
  - 7
  - 3
  - 4
title: Verlust der Berechtigung durch Verlassen des Feldes
text: "Kein berechtigter Offense Receiver, der während eines Downs das Feld verlässt und wieder inbounds zurückkehrt, darf einen legalen Vorwärtspass im Feld oder während er sich in der Luft befindet, berühren, bis der Ball von einem Gegner oder einem Schiedsrichter berührt wurde (A.R. 7.3.4.I, 7.3.4.II und 7.3.4.IV). (Ausnahme: Das gilt nicht für einen ursprünglich berechtigten Offense Spieler, der sofort versucht, wieder ins Feld zu gelangen, nachdem er aufgrund des Kontaktes durch einen Gegner ins Aus gegangen ist (A.R. 7.3.4.III)). Wenn er einen Vorwärtspass berührt, bevor er inbounds zurückkehrt, ist das ein unvollständiger Pass (Regel 7.3.7) und kein Foul für illegales Berühren. Strafe: Downverlust am Previous Spot [S16 und S9]."
interpretations: []
